[salakawy7.com/index.html]
[backblue.gif]
[fade.gif]
[index.html]
[salakawy7.com/wp-content/plugins/all-in-one-seo-pack/dist/Lite/assets/css/table-of-contents/global.e90f6d4755fe.css]
[salakawy7.com/wp-content/plugins/contact-form-7/includes/css/styles658f.css]
[salakawy7.com/comments/feed/index.html]
[salakawy7.com/feed/index.html]
[salakawy7.com/wp-content/plugins/revslider/public/css/sr769d9.css]
[salakawy7.com/wp-content/themes/vosio/stylea784.css]
[salakawy7.com/wp-content/themes/vosio/assets/css/bootstrapa784.css]
[salakawy7.com/wp-content/themes/vosio/assets/css/simple-line-iconsa784.css]
[salakawy7.com/wp-content/themes/vosio/assets/css/font-awesomea784.css]
[salakawy7.com/wp-content/themes/vosio/assets/css/animatea784.css]
[salakawy7.com/wp-content/themes/vosio/assets/css/owla784.css]
[salakawy7.com/wp-content/themes/vosio/assets/css/smooth-scrollbara784.css]
[salakawy7.com/wp-content/themes/vosio/assets/css/scrollbara784.css]
[salakawy7.com/wp-content/themes/vosio/assets/css/jquery.fancybox.mina784.css]
[salakawy7.com/wp-content/themes/vosio-child/stylea784.css]
[salakawy7.com/wp-content/themes/vosio/assets/css/stylea784.css]
[salakawy7.com/wp-content/themes/vosio/assets/css/customa784.css]
[salakawy7.com/wp-content/themes/vosio/assets/css/responsivea784.css]
[salakawy7.com/wp-content/themes/vosio/assets/css/tuta784.css]
[salakawy7.com/wp-content/plugins/loftloader/assets/css/loftloader.min18a5.css]
[salakawy7.com/wp-content/plugins/elementor/assets/css/frontend.min4a4c.css]
[salakawy7.com/wp-content/uploads/elementor/css/post-8109e.css]
[salakawy7.com/wp-content/plugins/elementor/assets/css/widget-spacer.min4a4c.css]
[salakawy7.com/wp-content/plugins/elementor/assets/css/widget-heading.min4a4c.css]
[salakawy7.com/wp-content/plugins/elementor/assets/css/widget-divider.min4a4c.css]
[salakawy7.com/wp-content/plugins/elementor/assets/css/widget-accordion.min4a4c.css]
[salakawy7.com/wp-content/plugins/elementor/assets/css/widget-image.min4a4c.css]
[salakawy7.com/wp-content/plugins/elementor/assets/lib/animations/styles/fadeInRight.min4a4c.css]
[salakawy7.com/wp-content/plugins/elementor/assets/lib/animations/styles/bounceIn.min4a4c.css]
[salakawy7.com/wp-content/plugins/elementor/assets/lib/animations/styles/e-animation-pulse-grow.min4a4c.css]
[salakawy7.com/wp-content/plugins/elementor/assets/lib/animations/styles/zoomIn.min4a4c.css]
[salakawy7.com/wp-content/plugins/elementor/assets/lib/animations/styles/e-animation-grow.min4a4c.css]
[salakawy7.com/wp-content/plugins/elementor/assets/css/widget-social-icons.min4a4c.css]
[salakawy7.com/wp-content/plugins/elementor/assets/css/conditionals/apple-webkit.min4a4c.css]
[salakawy7.com/wp-content/uploads/elementor/css/post-16109e.css]
[salakawy7.com/wp-content/plugins/royal-elementor-addons/assets/css/lib/animations/wpr-link-animations.min5e05.css]
[salakawy7.com/wp-content/plugins/royal-elementor-addons/assets/css/lib/animations/button-animations.min5e05.css]
[salakawy7.com/wp-content/plugins/royal-elementor-addons/assets/css/lib/animations/text-animations.min5e05.css]
[salakawy7.com/wp-content/plugins/royal-elementor-addons/assets/css/frontend.min5e05.css]
[salakawy7.com/wp-content/plugins/elementor/assets/lib/font-awesome/css/all.min5e05.css]
[salakawy7.com/wp-content/plugins/revslider/public/js/libs/tptools69d9.js]
[salakawy7.com/wp-content/plugins/revslider/public/js/sr769d9.js]
[salakawy7.com/wp-includes/js/jquery/jquery-migrate.min5589.js]
[salakawy7.com/wp-includes/js/jquery/jquery.minf43b.js]
[salakawy7.com/wp-json/wp/v2/pages/16.json]
[salakawy7.com/wp-json/index.html]
[salakawy7.com/xmlrpc0db0.php]
[salakawy7.com/wp-json/oembed/1.0/embed93df.json]
[salakawy7.com/wp-json/oembed/1.0/embede792]
[salakawy7.com/wp-content/uploads/2024/09/S7-Logo-04-79x79.png]
[salakawy7.com/wp-content/uploads/2024/09/S7-Logo-04-300x300.png]
[salakawy7.com/revslider/revslider.php]
[salakawy7.com/${e1d2c]
[salakawy7.com/wp-content/uploads/2024/09/S7-Logo-04.png]
[salakawy7.com/wp-content/plugins/revslider/index.html]
[salakawy7.com/wp-content/plugins/index.html]
[salakawy7.com/wp-content/uploads/2024/09/IMG-20240815-WA0051.jpg]
[salakawy7.com/packages/index.html]
[salakawy7.com/transformations/index.html]
[salakawy7.com/payment-via-whatsapp/index.html]
[salakawy7.com/wp-content/uploads/2025/08/IMG-20250812-WA0074-scaled.jpg]
[salakawy7.com/wp-content/uploads/2025/08/IMG-20250812-WA0090-scaled.jpg]
[salakawy7.com/wp-content/uploads/2025/08/IMG-20250812-WA0003-1-scaled.jpg]
[salakawy7.com/wp-content/uploads/2025/09/mahmoud-scaled.jpg]
[salakawy7.com/wp-content/uploads/2025/08/IMG-20250812-WA0132-scaled.jpg]
[salakawy7.com/wp-content/uploads/2025/08/IMG-20250812-WA0094-scaled.jpg]
[salakawy7.com/wp-content/uploads/2025/08/IMG-20250812-WA0095-scaled.jpg]
[salakawy7.com/wp-content/uploads/2025/08/IMG-20250812-WA0127.jpg]
[salakawy7.com/wp-content/uploads/2024/09/WhatsApp-Image-2024-08-28-at-17.04.28_3ce840db-1024x1024.jpg]
[salakawy7.com/wp-content/plugins/revslider/public/css/fonts/revicons/css/revicons.css]
[salakawy7.com/wp-content/plugins/revslider/public/css/fonts/font-awesome/css/font-awesome.css]
[salakawy7.com/wp-content/uploads/elementor/css/post-1514109e.css]
[salakawy7.com/wp-includes/js/dist/hooks.min4fdd.js]
[salakawy7.com/wp-includes/js/dist/i18n.minc33c.js]
[salakawy7.com/wp-content/plugins/contact-form-7/includes/swv/js/index658f.js]
[salakawy7.com/wp-content/plugins/contact-form-7/includes/js/index658f.js]
[salakawy7.com/wp-content/plugins/royal-elementor-addons/assets/js/lib/particles/particles7c45.js]
[salakawy7.com/wp-content/plugins/royal-elementor-addons/assets/js/lib/jarallax/jarallax.minf184.js]
[salakawy7.com/wp-content/plugins/royal-elementor-addons/assets/js/lib/parallax/parallax.min5152.js]
[salakawy7.com/wp-includes/js/jquery/ui/core.minb37e.js]
[salakawy7.com/wp-content/themes/vosio/assets/js/popper.min431f.js]
[salakawy7.com/wp-content/themes/vosio/assets/js/bootstrap.min431f.js]
[salakawy7.com/wp-content/themes/vosio/assets/js/jquery.fancybox431f.js]
[salakawy7.com/wp-content/themes/vosio/assets/js/mixitup431f.js]
[salakawy7.com/wp-content/themes/vosio/assets/js/smooth-scrollbar431f.js]
[salakawy7.com/wp-content/themes/vosio/assets/js/owl431f.js]
[salakawy7.com/wp-content/themes/vosio/assets/js/cursor-script431f.js]
[salakawy7.com/wp-content/themes/vosio/assets/js/wow431f.js]
[salakawy7.com/wp-content/themes/vosio/assets/js/bxslider431f.js]
[salakawy7.com/wp-content/themes/vosio/assets/js/mousewheel431f.js]
[salakawy7.com/wp-content/themes/vosio/assets/js/scrollbar431f.js]
[salakawy7.com/wp-content/themes/vosio/assets/js/custom-scripta784.js]
[salakawy7.com/wp-includes/js/comment-reply.mina784.js]
[salakawy7.com/wp-content/plugins/loftloader/assets/js/loftloader.min18a5.js]
[salakawy7.com/wp-content/plugins/elementor/assets/js/webpack.runtime.min4a4c.js]
[salakawy7.com/wp-content/plugins/elementor/assets/js/frontend-modules.min4a4c.js]
[salakawy7.com/wp-content/plugins/elementor/assets/js/frontend.min4a4c.js]
[salakawy7.com/wp-content/plugins/revslider-bubblemorph-addon/public/js/bubblemorph.min69d9.js]
[salakawy7.com/wp-content/plugins/revslider-mousetrap-addon/public/js/mousetrap.min69d9.js]
[salakawy7.com/wp-content/plugins/royal-elementor-addons/assets/js/lib/dompurify/dompurify.min7c45.js]
[salakawy7.com/wp-content/plugins/royal-elementor-addons/assets/js/frontend.min5e05.js]
[salakawy7.com/wp-content/plugins/royal-elementor-addons/assets/js/modal-popups.min5e05.js]
[salakawy7.com/wp-content/plugins/revslider-bubblemorph-addon/public/js/bubblemorph.min.js]
[salakawy7.com/index.html]
[salakawy7.com/wp-content/plugins/all-in-one-seo-pack/dist/Lite/assets/css/table-of-contents/global.e90f6d4755fe.css]
[salakawy7.com/wp-content/plugins/contact-form-7/includes/css/styles658f.css]
[salakawy7.com/wp-content/plugins/revslider/public/css/sr769d9.css]
[salakawy7.com/wp-content/themes/vosio/stylea784.css]
[salakawy7.com/wp-content/themes/vosio/assets/css/bootstrapa784.css]
[salakawy7.com/wp-content/plugins/revslider-mousetrap-addon/public/js/mousetrap.min.js]
[salakawy7.com/wp-content/themes/vosio/assets/fonts/fa-brands-400.woff2]
[salakawy7.com/wp-content/themes/vosio/assets/fonts/fa-brands-400.ttf]
[salakawy7.com/wp-content/themes/vosio/assets/fonts/fa-duotone-900.woff2]
[salakawy7.com/wp-content/themes/vosio/assets/fonts/fa-duotone-900.ttf]
[salakawy7.com/wp-content/themes/vosio/assets/fonts/fa-light-300.woff2]
[salakawy7.com/wp-content/themes/vosio/assets/fonts/fa-light-300.ttf]
[salakawy7.com/wp-content/themes/vosio/assets/fonts/fa-regular-400.woff2]
[salakawy7.com/wp-content/themes/vosio/assets/fonts/fa-regular-400.ttf]
[salakawy7.com/wp-content/themes/vosio/assets/fonts/fa-solid-900.woff2]
[salakawy7.com/wp-content/themes/vosio/assets/fonts/fa-solid-900.ttf]
[salakawy7.com/wp-content/themes/vosio/assets/fonts/fa-thin-100.woff2]
[salakawy7.com/wp-content/themes/vosio/assets/fonts/fa-thin-100.ttf]
[salakawy7.com/wp-content/themes/vosio/assets/fonts/fa-v4compatibility.woff2]
[salakawy7.com/wp-content/themes/vosio/assets/fonts/fa-v4compatibility.ttf]
[salakawy7.com/wp-content/themes/vosio/assets/css/font-awesomea784.css]
[salakawy7.com/wp-content/themes/vosio/assets/fonts/Simple-Line-Iconsb26c.eot]
[salakawy7.com/wp-content/themes/vosio/assets/fonts/Simple-Line-Iconsb26c.woff2]
[salakawy7.com/wp-content/themes/vosio/assets/fonts/Simple-Line-Iconsb26c.ttf]
[salakawy7.com/wp-content/themes/vosio/assets/fonts/Simple-Line-Iconsb26c.woff]
[salakawy7.com/wp-content/themes/vosio/assets/css/simple-line-iconsa784.css]
[salakawy7.com/wp-content/themes/vosio/assets/css/animatea784.css]
[salakawy7.com/wp-content/themes/vosio/assets/fonts/Simple-Line-Iconsb26c.svg]
[salakawy7.com/wp-content/themes/vosio/assets/css/owl.video.play.png]
[salakawy7.com/wp-content/themes/vosio/assets/css/owla784.css]
[salakawy7.com/wp-content/themes/vosio/assets/css/smooth-scrollbara784.css]
[salakawy7.com/wp-content/themes/vosio/assets/css/mCSB_buttons.html]
[salakawy7.com/wp-content/themes/vosio/assets/css/scrollbara784.css]
[salakawy7.com/wp-content/themes/vosio/assets/css/jquery.fancybox.mina784.css]
[salakawy7.com/wp-content/themes/vosio-child/stylea784.css]
[salakawy7.com/wp-content/themes/vosio/assets/fonts/Gotham-Book.eot]
[salakawy7.com/wp-content/themes/vosio/assets/fonts/Gotham-Bookd41d.eot]
[salakawy7.com/wp-content/themes/vosio/assets/fonts/Gotham-Book.woff]
[salakawy7.com/wp-content/themes/vosio/assets/fonts/Gotham-Book.ttf]
[salakawy7.com/wp-content/themes/vosio/assets/fonts/Gotham-Book.svg]
[salakawy7.com/wp-content/themes/vosio/assets/fonts/Gotham-Light.eot]
[salakawy7.com/wp-content/themes/vosio/assets/fonts/Gotham-Lightd41d.eot]
[salakawy7.com/wp-content/themes/vosio/assets/fonts/Gotham-Light.woff]
[salakawy7.com/wp-content/themes/vosio/assets/fonts/Gotham-Light.ttf]
[salakawy7.com/wp-content/themes/vosio/assets/fonts/Gotham-Light.svg]
[salakawy7.com/wp-content/themes/vosio/assets/fonts/Gotham-Thin.eot]
[salakawy7.com/wp-content/themes/vosio/assets/fonts/Gotham-Thind41d.eot]
[salakawy7.com/wp-content/themes/vosio/assets/fonts/Gotham-Thin.woff]
[salakawy7.com/wp-content/themes/vosio/assets/fonts/Gotham-Thin.ttf]
[salakawy7.com/wp-content/themes/vosio/assets/fonts/Gotham-Thin.svg]
[salakawy7.com/wp-content/themes/vosio/assets/fonts/Gotham-Medium.eot]
[salakawy7.com/wp-content/themes/vosio/assets/fonts/Gotham-Mediumd41d.eot]
[salakawy7.com/wp-content/themes/vosio/assets/fonts/Gotham-Medium.woff]
[salakawy7.com/wp-content/themes/vosio/assets/fonts/Gotham-Medium.ttf]
[salakawy7.com/wp-content/themes/vosio/assets/fonts/Gotham-Medium.svg]
[salakawy7.com/wp-content/themes/vosio/assets/fonts/Gotham-Bold.eot]
[salakawy7.com/wp-content/themes/vosio/assets/fonts/Gotham-Boldd41d.eot]
[salakawy7.com/wp-content/themes/vosio/assets/fonts/Gotham-Bold.woff]
[salakawy7.com/wp-content/themes/vosio/assets/fonts/Gotham-Bold.ttf]
[salakawy7.com/wp-content/themes/vosio/assets/fonts/Gotham-Bold.svg]
[salakawy7.com/wp-content/themes/vosio/assets/fonts/Gotham-Black.eot]
[salakawy7.com/wp-content/themes/vosio/assets/fonts/Gotham-Blackd41d.eot]
[salakawy7.com/wp-content/themes/vosio/assets/fonts/Gotham-Black.woff]
[salakawy7.com/wp-content/themes/vosio/assets/fonts/Gotham-Black.ttf]
[salakawy7.com/wp-content/themes/vosio/assets/fonts/Gotham-Black.svg]
[salakawy7.com/wp-content/themes/vosio/assets/fonts/MonumentExtended-Regular.eot]
[salakawy7.com/wp-content/themes/vosio/assets/fonts/MonumentExtended-Regulard41d.eot]
[salakawy7.com/wp-content/themes/vosio/assets/fonts/MonumentExtended-Regular.woff]
[salakawy7.com/wp-content/themes/vosio/assets/fonts/MonumentExtended-Regular.ttf]
[salakawy7.com/wp-content/themes/vosio/assets/fonts/MonumentExtended-Regular.svg]
[salakawy7.com/wp-content/themes/vosio/assets/fonts/MonumentExtended-Ultrabold.eot]
[salakawy7.com/wp-content/themes/vosio/assets/fonts/MonumentExtended-Ultraboldd41d.eot]
[salakawy7.com/wp-content/themes/vosio/assets/fonts/MonumentExtended-Ultrabold.woff]
[salakawy7.com/wp-content/themes/vosio/assets/fonts/MonumentExtended-Ultrabold.ttf]
[salakawy7.com/wp-content/themes/vosio/assets/fonts/MonumentExtended-Ultrabold.svg]
[salakawy7.com/wp-content/themes/vosio/assets/fonts/Telegraf-UltraLight.eot]
[salakawy7.com/wp-content/themes/vosio/assets/fonts/Telegraf-UltraLightd41d.eot]
[salakawy7.com/wp-content/themes/vosio/assets/fonts/Telegraf-UltraLight.woff]
[salakawy7.com/wp-content/themes/vosio/assets/fonts/Telegraf-UltraLight.ttf]
[salakawy7.com/wp-content/themes/vosio/assets/fonts/Telegraf-UltraLight.svg]
[salakawy7.com/wp-content/themes/vosio/assets/fonts/Telegraf-Regular.eot]
[salakawy7.com/wp-content/themes/vosio/assets/fonts/Telegraf-Regulard41d.eot]
[salakawy7.com/wp-content/themes/vosio/assets/fonts/Telegraf-Regular.woff]
[salakawy7.com/wp-content/themes/vosio/assets/fonts/Telegraf-Regular.ttf]
[salakawy7.com/wp-content/themes/vosio/assets/fonts/Telegraf-Regular.svg]
[salakawy7.com/wp-content/themes/vosio/assets/fonts/Telegraf-UltraBold.eot]
[salakawy7.com/wp-content/themes/vosio/assets/fonts/Telegraf-UltraBoldd41d.eot]
[salakawy7.com/wp-content/themes/vosio/assets/fonts/Telegraf-UltraBold.woff]
[salakawy7.com/wp-content/themes/vosio/assets/fonts/Telegraf-UltraBold.ttf]
[salakawy7.com/wp-content/themes/vosio/assets/fonts/Telegraf-UltraBold.svg]
[salakawy7.com/wp-content/themes/vosio/assets/images/icons/preloader.gif]
[salakawy7.com/wp-content/themes/vosio/assets/images/icons/icon-select.png]
[salakawy7.com/wp-content/themes/vosio/assets/images/background/plans-lines.png]
[salakawy7.com/wp-content/themes/vosio/assets/css/stylea784.css]
[salakawy7.com/wp-content/themes/vosio/assets/images/icons/icon-1.png]
[salakawy7.com/wp-content/themes/vosio/assets/css/customa784.css]
[salakawy7.com/wp-content/themes/vosio/assets/css/responsivea784.css]
[salakawy7.com/wp-content/themes/vosio/assets/css/tuta784.css]
[salakawy7.com/wp-content/plugins/loftloader/assets/css/loftloader.min18a5.css]
[salakawy7.com/wp-content/plugins/elementor/assets/css/frontend.min4a4c.css]
[salakawy7.com/wp-content/uploads/elementor/css/post-8109e.css]
[salakawy7.com/wp-content/plugins/elementor/assets/css/widget-spacer.min4a4c.css]
[salakawy7.com/wp-content/plugins/elementor/assets/css/widget-heading.min4a4c.css]
[salakawy7.com/wp-content/plugins/elementor/assets/css/widget-divider.min4a4c.css]
[salakawy7.com/wp-content/plugins/elementor/assets/css/widget-accordion.min4a4c.css]
[salakawy7.com/wp-content/plugins/elementor/assets/css/widget-image.min4a4c.css]
[salakawy7.com/wp-content/plugins/elementor/assets/lib/animations/styles/fadeInRight.min4a4c.css]
[salakawy7.com/wp-content/plugins/elementor/assets/lib/animations/styles/bounceIn.min4a4c.css]
[salakawy7.com/wp-content/plugins/elementor/assets/lib/animations/styles/e-animation-pulse-grow.min4a4c.css]
[salakawy7.com/wp-content/plugins/elementor/assets/lib/animations/styles/zoomIn.min4a4c.css]
[salakawy7.com/wp-content/plugins/elementor/assets/lib/animations/styles/e-animation-grow.min4a4c.css]
[salakawy7.com/wp-content/plugins/elementor/assets/css/widget-social-icons.min4a4c.css]
[salakawy7.com/wp-content/plugins/elementor/assets/css/conditionals/apple-webkit.min4a4c.css]
[salakawy7.com/wp-content/uploads/elementor/css/post-16109e.css]
[salakawy7.com/wp-content/plugins/royal-elementor-addons/assets/css/lib/animations/wpr-link-animations.min5e05.css]
[salakawy7.com/wp-content/plugins/royal-elementor-addons/assets/css/lib/animations/button-animations.min5e05.css]
[salakawy7.com/wp-content/plugins/royal-elementor-addons/assets/css/lib/animations/text-animations.min5e05.css]
[salakawy7.com/wp-content/plugins/royal-elementor-addons/assets/css/frontend.min5e05.css]
[salakawy7.com/wp-content/plugins/elementor/assets/lib/font-awesome/webfonts/fa-brands-400.eot]
[salakawy7.com/wp-content/plugins/elementor/assets/lib/font-awesome/webfonts/fa-brands-400d41d.eot]
[salakawy7.com/wp-content/plugins/elementor/assets/lib/font-awesome/webfonts/fa-brands-400.woff2]
[salakawy7.com/wp-content/plugins/elementor/assets/lib/font-awesome/webfonts/fa-brands-400.woff]
[salakawy7.com/wp-content/plugins/elementor/assets/lib/font-awesome/webfonts/fa-brands-400.ttf]
[salakawy7.com/wp-content/plugins/elementor/assets/lib/font-awesome/webfonts/fa-brands-400.svg]
[salakawy7.com/wp-content/plugins/elementor/assets/lib/font-awesome/webfonts/fa-regular-400.eot]
[salakawy7.com/wp-content/plugins/elementor/assets/lib/font-awesome/webfonts/fa-regular-400d41d.eot]
[salakawy7.com/wp-content/plugins/elementor/assets/lib/font-awesome/webfonts/fa-regular-400.woff2]
[salakawy7.com/wp-content/plugins/elementor/assets/lib/font-awesome/webfonts/fa-regular-400.woff]
[salakawy7.com/wp-content/plugins/elementor/assets/lib/font-awesome/webfonts/fa-regular-400.ttf]
[salakawy7.com/wp-content/plugins/elementor/assets/lib/font-awesome/webfonts/fa-regular-400.svg]
[salakawy7.com/wp-content/plugins/elementor/assets/lib/font-awesome/webfonts/fa-solid-900.eot]
[salakawy7.com/wp-content/plugins/elementor/assets/lib/font-awesome/webfonts/fa-solid-900d41d.eot]
[salakawy7.com/wp-content/plugins/elementor/assets/lib/font-awesome/webfonts/fa-solid-900.woff2]
[salakawy7.com/wp-content/plugins/elementor/assets/lib/font-awesome/webfonts/fa-solid-900.woff]
[salakawy7.com/wp-content/plugins/elementor/assets/lib/font-awesome/webfonts/fa-solid-900.ttf]
[salakawy7.com/wp-content/plugins/elementor/assets/lib/font-awesome/css/all.min5e05.css]
[salakawy7.com/wp-admin/admin-ajax.html]
[salakawy7.com/revslider/revslider.html]
[salakawy7.com/wp-content/plugins/revslider/index.html]
[salakawy7.com/wp-content/plugins/index.html]
[salakawy7.com/${e1d2c.html]
[salakawy7.com/wp-content/plugins/elementor/assets/lib/animations/styles/slideInDown.min4a4c.css]
[salakawy7.com/wp-content/plugins/elementor/assets/lib/font-awesome/webfonts/fa-solid-900.svg]
[salakawy7.com/wp-content/uploads/elementor/css/post-1083ee68.css]
[salakawy7.com/wp-json/wp/v2/pages/1083.json]
[salakawy7.com/wp-json/oembed/1.0/embedbe95.json]
[salakawy7.com/wp-json/oembed/1.0/embed1aed]
[salakawy7.com/packages/revslider/revslider.php]
[salakawy7.com/packages/${e1d2c]
[salakawy7.com/packages/index.html]
[salakawy7.com/wp-content/plugins/elementor/assets/lib/animations/styles/slideInUp.min4a4c.css]
[salakawy7.com/wp-content/plugins/elementor/assets/css/widget-image-gallery.min4a4c.css]
[salakawy7.com/wp-content/uploads/elementor/css/post-348661c.css]
[salakawy7.com/wp-json/wp/v2/pages/348.json]
[salakawy7.com/wp-json/oembed/1.0/embedd26e.json]
[salakawy7.com/wp-json/oembed/1.0/embed4f0b]
[salakawy7.com/transformations/revslider/revslider.php]
[salakawy7.com/transformations/${e1d2c]
[salakawy7.com/wp-content/uploads/2025/08/IMG-20250812-WA0054.jpg]
[salakawy7.com/wp-content/uploads/2025/08/IMG-20250812-WA0066-scaled.jpg]
[salakawy7.com/wp-content/uploads/2025/08/IMG-20250812-WA0005-1-scaled.jpg]
[salakawy7.com/wp-content/uploads/2025/08/IMG-20250812-WA0085-scaled.jpg]
[salakawy7.com/wp-content/uploads/2025/08/IMG-20250812-WA0120-scaled.jpg]
[salakawy7.com/wp-content/uploads/revslider/futuristic-hairstyles-slider/img5.jpg]
[salakawy7.com/wp-content/uploads/revslider/futuristic-hairstyles-slider/img4.jpg]
[salakawy7.com/wp-content/uploads/revslider/futuristic-hairstyles-slider/img3.jpg]
[salakawy7.com/wp-content/uploads/revslider/futuristic-hairstyles-slider/img1.jpg]
[salakawy7.com/wp-content/uploads/revslider/futuristic-hairstyles-slider/img2.jpg]
[salakawy7.com/wp-content/uploads/2025/08/IMG-20250812-WA0079-scaled.jpg]
[salakawy7.com/wp-content/uploads/2025/08/IMG-20250812-WA0082.jpg]
[salakawy7.com/wp-content/uploads/2025/08/IMG-20250812-WA0062-scaled.jpg]
[salakawy7.com/wp-content/uploads/2025/08/IMG-20250812-WA0098.jpg]
[salakawy7.com/wp-content/uploads/2025/08/IMG-20250812-WA0069.jpg]
[salakawy7.com/wp-content/uploads/2025/08/IMG-20250812-WA0126-scaled.jpg]
[salakawy7.com/wp-content/uploads/2025/08/IMG-20250812-WA0104-scaled.jpg]
[salakawy7.com/wp-content/uploads/2025/08/IMG-20250812-WA0105-scaled.jpg]
[salakawy7.com/wp-content/uploads/2025/08/IMG-20250812-WA0084-scaled.jpg]
[salakawy7.com/wp-content/uploads/2025/08/IMG-20250812-WA0081-scaled.jpg]
[salakawy7.com/wp-content/uploads/2025/08/IMG-20250812-WA0087-scaled.jpg]
[salakawy7.com/wp-content/uploads/2025/08/IMG-20250812-WA0129-scaled.jpg]
[salakawy7.com/wp-content/uploads/2025/08/IMG-20250812-WA0063-scaled.jpg]
[salakawy7.com/wp-content/uploads/2025/08/IMG-20250812-WA0060-scaled.jpg]
[salakawy7.com/wp-content/uploads/2025/08/insta-image.jpg]
[salakawy7.com/wp-content/uploads/2024/09/IMG-20240815-WA0051-373x400.jpg]
[salakawy7.com/wp-content/uploads/2024/09/IMG-20240815-WA0028-373x400.jpg]
[salakawy7.com/wp-content/uploads/2024/09/IMG-20240815-WA0027-373x400.jpg]
[salakawy7.com/wp-content/uploads/2024/09/IMG-20240815-WA0047-373x400.jpg]
[salakawy7.com/wp-content/uploads/2025/08/IMG-20250812-WA0062-373x400.jpg]
[salakawy7.com/wp-content/uploads/2025/08/IMG-20250812-WA0095-373x400.jpg]
[salakawy7.com/wp-content/uploads/2025/08/IMG-20250812-WA0003-1-373x400.jpg]
[salakawy7.com/wp-content/uploads/2025/08/IMG-20250812-WA0098-373x400.jpg]
[salakawy7.com/wp-content/uploads/2025/08/IMG-20250812-WA0090-373x400.jpg]
[salakawy7.com/wp-content/uploads/2025/08/IMG-20250812-WA0079-373x400.jpg]
[salakawy7.com/wp-content/uploads/2025/08/IMG-20250812-WA0060-373x400.jpg]
[salakawy7.com/wp-content/uploads/2025/08/IMG-20250812-WA0069-373x400.jpg]
[salakawy7.com/wp-content/uploads/2025/08/IMG-20250812-WA0074-373x400.jpg]
[salakawy7.com/wp-content/uploads/2025/08/IMG-20250812-WA0103-373x400.jpg]
[salakawy7.com/wp-content/uploads/2024/09/IMG-20240815-WA0044-373x400.jpg]
[salakawy7.com/wp-content/uploads/2024/09/IMG-20240815-WA0022-373x400.jpg]
[salakawy7.com/wp-content/uploads/2024/09/IMG-20240815-WA0041-373x400.jpg]
[salakawy7.com/wp-content/uploads/2024/09/IMG-20240815-WA0052-373x400.jpg]
[salakawy7.com/wp-content/uploads/2024/09/IMG-20240815-WA0065-373x400.jpg]
[salakawy7.com/wp-content/uploads/2024/09/IMG-20240815-WA0064-373x400.jpg]
[salakawy7.com/wp-content/uploads/2024/09/WhatsApp-Image-2024-08-15-at-01.00.48_a2378c52-373x400.jpg]
[salakawy7.com/wp-content/uploads/2024/09/IMG-20240815-WA0053-373x400.jpg]
[salakawy7.com/wp-content/uploads/2024/09/IMG-20240815-WA0036-373x400.jpg]
[salakawy7.com/wp-content/uploads/2024/09/IMG-20240815-WA0062-373x400.jpg]
[salakawy7.com/wp-content/uploads/2024/09/IMG-20240815-WA0058-373x400.jpg]
[salakawy7.com/wp-content/uploads/2024/09/IMG-20240815-WA0066-373x400.jpg]
[salakawy7.com/wp-content/uploads/2024/09/IMG-20240815-WA0029-e1726950311325-373x400.jpg]
[salakawy7.com/wp-content/uploads/2024/09/IMG-20240815-WA0067-373x400.jpg]
[salakawy7.com/wp-content/uploads/2024/09/IMG-20240815-WA0069-373x400.jpg]
[salakawy7.com/wp-content/uploads/2024/09/IMG-20240815-WA0060-373x400.jpg]
[salakawy7.com/wp-content/uploads/2024/09/IMG-20240815-WA0059-373x400.jpg]
[salakawy7.com/wp-content/uploads/2024/09/IMG-20240815-WA0056-373x400.jpg]
[salakawy7.com/wp-content/uploads/2024/09/IMG-20240815-WA0021-373x400.jpg]
[salakawy7.com/wp-content/uploads/2024/09/IMG-20240815-WA0054-373x400.jpg]
[salakawy7.com/wp-content/uploads/2024/09/IMG-20240815-WA0040-373x400.jpg]
[salakawy7.com/wp-content/uploads/2024/09/IMG-20240815-WA0063-373x400.jpg]
[salakawy7.com/wp-content/uploads/2024/09/IMG-20240815-WA0057-373x400.jpg]
[salakawy7.com/wp-content/uploads/2024/09/IMG-20240815-WA0068-373x400.jpg]
[salakawy7.com/wp-content/uploads/2024/09/IMG-20240815-WA0049-373x400.jpg]
[salakawy7.com/wp-content/uploads/2024/09/IMG-20240815-WA0070-373x400.jpg]
[salakawy7.com/wp-content/uploads/2024/09/IMG-20240815-WA0050-373x400.jpg]
[salakawy7.com/wp-content/uploads/2024/09/IMG-20240815-WA0045-373x400.jpg]
[salakawy7.com/wp-content/uploads/2024/09/IMG-20240815-WA0055-373x400.jpg]
[salakawy7.com/wp-content/uploads/2024/09/IMG-20240815-WA0046-373x400.jpg]
[salakawy7.com/wp-content/uploads/2024/09/IMG-20240815-WA0035-373x400.jpg]
[salakawy7.com/wp-content/uploads/2024/09/IMG-20240815-WA0037-373x400.jpg]
[salakawy7.com/wp-content/uploads/2024/09/IMG-20240815-WA0024-373x400.jpg]
[salakawy7.com/wp-content/uploads/2024/09/IMG-20240815-WA0042-373x400.jpg]
[salakawy7.com/wp-content/uploads/2024/09/IMG-20240815-WA0025-373x400.jpg]
[salakawy7.com/wp-content/uploads/2024/09/IMG-20240815-WA0038-373x400.jpg]
[salakawy7.com/wp-content/uploads/2024/09/IMG-20240815-WA0032-373x400.jpg]
[salakawy7.com/wp-content/uploads/2024/09/IMG-20240815-WA0023-373x400.jpg]
[salakawy7.com/wp-content/uploads/2024/09/IMG-20240815-WA0026-373x400.jpg]
[salakawy7.com/wp-content/uploads/2024/09/IMG-20240815-WA0043-373x400.jpg]
[salakawy7.com/wp-content/uploads/2025/08/IMG-20250812-WA0087-373x400.jpg]
[salakawy7.com/wp-content/uploads/2025/08/IMG-20250812-WA0063-373x400.jpg]
[salakawy7.com/wp-content/uploads/2025/08/IMG-20250812-WA0085-373x400.jpg]
[salakawy7.com/wp-content/uploads/2025/08/IMG-20250812-WA0104-373x400.jpg]
[salakawy7.com/wp-content/uploads/2025/08/IMG-20250812-WA0084-373x400.jpg]
[salakawy7.com/wp-content/uploads/2025/08/IMG-20250812-WA0081-373x400.jpg]
[salakawy7.com/wp-content/uploads/2025/08/IMG-20250812-WA0082-373x400.jpg]
[salakawy7.com/wp-content/uploads/2025/08/IMG-20250812-WA0066-373x400.jpg]
[salakawy7.com/wp-content/uploads/2025/08/IMG-20250812-WA0102-373x400.jpg]
[salakawy7.com/wp-content/uploads/2025/08/IMG-20250812-WA0080-373x400.jpg]
[salakawy7.com/wp-content/uploads/2025/08/IMG-20250812-WA0105-373x400.jpg]
[salakawy7.com/wp-content/uploads/2025/08/IMG-20250812-WA0002-373x400.jpg]
[salakawy7.com/wp-content/uploads/2025/08/IMG-20250812-WA0001-373x400.jpg]
[salakawy7.com/wp-content/uploads/2025/08/IMG-20250812-WA0004-373x400.jpg]
[salakawy7.com/wp-content/uploads/2025/08/IMG-20250812-WA0062-1-373x400.jpg]
[salakawy7.com/wp-content/uploads/2025/08/IMG-20250812-WA0064-373x400.jpg]
[salakawy7.com/wp-content/uploads/2025/08/IMG-20250812-WA0077-373x400.jpg]
[salakawy7.com/wp-content/uploads/2025/08/IMG-20250812-WA0091-373x400.jpg]
[salakawy7.com/wp-content/uploads/2025/08/IMG-20250812-WA0092-373x400.jpg]
[salakawy7.com/wp-content/uploads/2025/08/IMG-20250812-WA0096-373x400.jpg]
[salakawy7.com/wp-content/uploads/2025/08/IMG-20250812-WA0097-373x400.jpg]
[salakawy7.com/wp-content/uploads/2025/08/IMG-20250812-WA0099-373x400.jpg]
[salakawy7.com/wp-content/uploads/2025/08/IMG-20250812-WA0100-373x400.jpg]
[salakawy7.com/wp-content/uploads/2025/08/IMG-20250812-WA0101-373x400.jpg]
[salakawy7.com/wp-content/plugins/revslider/public/css/fonts/material/material-icons.css]
[salakawy7.com/wp-content/plugins/revslider-transitionpack-addon/public/js/transitionpack.min69d9.js]
[salakawy7.com/wp-content/plugins/revslider-transitionpack-addon/public/js/transitionpack.min.js]
[salakawy7.com/transformations/index.html]
[salakawy7.com/wp-content/uploads/elementor/css/post-154473b.css]
[salakawy7.com/wp-content/plugins/revslider-transitionpack-addon/index.html]
[salakawy7.com/wp-json/wp/v2/pages/154.json]
[salakawy7.com/wp-json/oembed/1.0/embed6f87.json]
[salakawy7.com/wp-json/oembed/1.0/embed1e2f]
[salakawy7.com/payment-via-whatsapp/revslider/revslider.166.delayed]
[salakawy7.com/payment-via-whatsapp/${e1d2c]
[salakawy7.com/wp-content/uploads/2025/08/IMG-20250812-WA0029-1.jpg]
[salakawy7.com/payment-via-whatsapp/index.html]
[salakawy7.com/index5edb.html]
[salakawy7.com/index1c43.html]
[salakawy7.com/wp-content/plugins/revslider/public/css/fonts/revicons/fonts/revicons90c6.eot]
[salakawy7.com/wp-content/plugins/revslider/public/css/fonts/revicons/fonts/revicons90c6.woff]
[salakawy7.com/wp-content/plugins/revslider/public/css/fonts/revicons/fonts/revicons90c6.ttf]
[salakawy7.com/wp-content/plugins/revslider/public/css/fonts/revicons/fonts/revicons90c6.svg]
[salakawy7.com/wp-content/plugins/revslider/public/css/fonts/revicons/css/revicons.css]
[salakawy7.com/wp-content/plugins/revslider/public/css/fonts/font-awesome/fonts/fontawesome-webfont3e6e.eot]
[salakawy7.com/wp-content/plugins/revslider/public/css/fonts/font-awesome/fonts/fontawesome-webfont3e6e.woff2]
[salakawy7.com/wp-content/plugins/revslider/public/css/fonts/font-awesome/fonts/fontawesome-webfontd41d.eot]
[salakawy7.com/wp-content/plugins/revslider/public/css/fonts/font-awesome/fonts/fontawesome-webfont3e6e.woff]
[salakawy7.com/wp-content/plugins/revslider/public/css/fonts/font-awesome/fonts/fontawesome-webfont3e6e.ttf]
[salakawy7.com/wp-content/plugins/revslider/public/css/fonts/font-awesome/css/font-awesome.css]
[salakawy7.com/wp-content/uploads/elementor/css/post-1514109e.css]
[salakawy7.com/wp-content/themes/vosio/assets/fonts/Simple-Line-Iconsb26c.svg]
[salakawy7.com/wp-content/themes/vosio/assets/css/owl.video.play.html]
[salakawy7.com/wp-content/themes/vosio/assets/css/mCSB_buttons.html]
[salakawy7.com/wp-content/themes/vosio/assets/fonts/Gotham-Book.svg]
[salakawy7.com/wp-content/themes/vosio/assets/fonts/Gotham-Light.svg]
[salakawy7.com/wp-content/themes/vosio/assets/fonts/Gotham-Thin.svg]
[salakawy7.com/wp-content/themes/vosio/assets/fonts/Gotham-Medium.svg]
[salakawy7.com/wp-content/themes/vosio/assets/fonts/Gotham-Bold.svg]
[salakawy7.com/wp-content/themes/vosio/assets/fonts/Gotham-Black.svg]
[salakawy7.com/wp-content/themes/vosio/assets/fonts/MonumentExtended-Regular.svg]
[salakawy7.com/wp-content/themes/vosio/assets/fonts/MonumentExtended-Ultrabold.svg]
[salakawy7.com/wp-content/themes/vosio/assets/fonts/Telegraf-UltraLight.svg]
[salakawy7.com/wp-content/themes/vosio/assets/fonts/Telegraf-Regular.svg]
[salakawy7.com/wp-content/themes/vosio/assets/fonts/Telegraf-UltraBold.svg]
[salakawy7.com/wp-content/themes/vosio/assets/images/icons/icon-1.html]
[salakawy7.com/wp-content/plugins/elementor/assets/lib/font-awesome/webfonts/fa-brands-400.svg]
[salakawy7.com/wp-content/plugins/elementor/assets/lib/font-awesome/webfonts/fa-regular-400.svg]
[salakawy7.com/wp-content/plugins/elementor/assets/lib/font-awesome/webfonts/fa-solid-900.svg]
[salakawy7.com/wp-content/plugins/elementor/assets/lib/animations/styles/slideInDown.min4a4c.css]
[salakawy7.com/wp-content/uploads/elementor/css/post-1083ee68.css]
[salakawy7.com/indexc30e.html]
[salakawy7.com/packages/revslider/revslider.html]
[salakawy7.com/packages/${e1d2c.html]
[salakawy7.com/wp-content/plugins/elementor/assets/lib/animations/styles/slideInUp.min4a4c.css]
[salakawy7.com/wp-content/plugins/elementor/assets/css/widget-image-gallery.min4a4c.css]
[salakawy7.com/wp-content/uploads/elementor/css/post-348661c.css]
[salakawy7.com/index2206.html]
[salakawy7.com/transformations/revslider/revslider.html]
[salakawy7.com/transformations/${e1d2c.html]
[salakawy7.com/wp-content/uploads/revslider/futuristic-hairstyles-slider/img5.html]
[salakawy7.com/wp-content/uploads/revslider/futuristic-hairstyles-slider/img4.html]
[salakawy7.com/wp-content/uploads/revslider/futuristic-hairstyles-slider/img3.html]
[salakawy7.com/wp-content/uploads/revslider/futuristic-hairstyles-slider/img1.html]
[salakawy7.com/wp-content/uploads/revslider/futuristic-hairstyles-slider/img2.html]
[salakawy7.com/wp-content/uploads/2025/08/insta-image.html]
[salakawy7.com/wp-content/plugins/revslider/public/css/fonts/font-awesome/fonts/fontawesome-webfont3e6e.svg]
[salakawy7.com/wp-content/plugins/revslider/public/css/fonts/material/MaterialIcons-Regular.woff2]
[salakawy7.com/wp-content/plugins/revslider/public/css/fonts/material/MaterialIcons-Regular.eot]
[salakawy7.com/wp-content/plugins/revslider/public/css/fonts/material/MaterialIcons-Regular.woff]
[salakawy7.com/wp-content/plugins/revslider/public/css/fonts/material/MaterialIcons-Regular.ttf]
[salakawy7.com/wp-content/plugins/revslider/public/css/fonts/material/material-icons.css]
[salakawy7.com/wp-content/plugins/revslider-transitionpack-addon/index.html]
[salakawy7.com/wp-content/uploads/elementor/css/post-154473b.css]
[salakawy7.com/index87e6.html]
[salakawy7.com/payment-via-whatsapp/revslider/revslider.html]
[salakawy7.com/payment-via-whatsapp/${e1d2c.html]
[salakawy7.com/wp-content/plugins/revslider/public/css/fonts/revicons/fonts/revicons90c6.svg]
[salakawy7.com/wp-content/plugins/revslider/public/css/fonts/font-awesome/fonts/fontawesome-webfont3e6e.svg]
